C51 COMPILER V9.54   DELAY                                                                 03/21/2026 20:20:41 PAGE 1   


C51 COMPILER V9.54, COMPILATION OF MODULE DELAY
OBJECT MODULE PLACED IN .\Objects\Delay.obj
COMPILER INVOKED BY: D:\keil5\C51\BIN\C51.EXE Delay.c OPTIMIZE(8,SPEED) BROWSE DEBUG OBJECTEXTEND PRINT(.\Listings\Delay
                    -.lst) OBJECT(.\Objects\Delay.obj)

line level    source

   1          #include <INTRINS.H>
   2          
   3          /**
   4           * @brief       延时函数，延时1ms
   5           * @param       需要延时的ms数，范围0~65535
   6           * @retval      无
   7           */
   8           
   9          void Delay(unsigned int xms)            //@11.0592MHz
  10          {
  11   1              unsigned char i, j;
  12   1      
  13   1              while(xms--)
  14   1              {
  15   2                      _nop_();
  16   2                      i = 2;
  17   2                      j = 199;
  18   2                      do
  19   2                      {
  20   3                              while (--j);
  21   3                      } while (--i);
  22   2              }
  23   1      }


MODULE INFORMATION:   STATIC OVERLAYABLE
   CODE SIZE        =     22    ----
   CONSTANT SIZE    =   ----    ----
   XDATA SIZE       =   ----    ----
   PDATA SIZE       =   ----    ----
   DATA SIZE        =   ----    ----
   IDATA SIZE       =   ----    ----
   BIT SIZE         =   ----    ----
END OF MODULE INFORMATION.


C51 COMPILATION COMPLETE.  0 WARNING(S),  0 ERROR(S)
